// Jest Snapshot v1, https://goo.gl/fbAQLP

exports[`PrivateRoutes  renders properly 1`] = `
<Switch>
  <Route
    component={
      Object {
        "$$typeof": Symbol(react.memo),
        "WrappedComponent": [Function],
        "compare": null,
        "displayName": "Connect(LandingPage)",
        "type": [Function],
      }
    }
    exact={true}
    path="/"
  />
  <Route
    component={
      Object {
        "$$typeof": Symbol(react.memo),
        "WrappedComponent": [Function],
        "compare": null,
        "displayName": "Connect(ReturnPage)",
        "type": [Function],
      }
    }
    exact={true}
    path="/return-page"
  />
  <Route
    component={
      Object {
        "$$typeof": Symbol(react.memo),
        "WrappedComponent": [Function],
        "compare": null,
        "displayName": "Connect(SubmitApplicationPage)",
        "type": [Function],
      }
    }
    exact={true}
    path="/submit-application"
  />
  <Route
    component={[Function]}
    exact={true}
    path="/view-application-status"
  />
  <Route
    component={
      Object {
        "$$typeof": Symbol(react.memo),
        "WrappedComponent": [Function],
        "compare": null,
        "displayName": "Connect(authenticationGuard)",
        "type": [Function],
      }
    }
    exact={true}
    path="/review-applications"
  />
  <Route
    render={[Function]}
  />
</Switch>
`;
