// Jest Snapshot v1, https://goo.gl/fbAQLP

exports[`AuthenticationGuard should render the \`WrappedComponent\` if \`isAuthenticated\` 1`] = `<Loading />`;

exports[`AuthenticationGuard should render the \`WrappedComponent\` if \`isPublic\` 1`] = `<Loading />`;
