// Jest Snapshot v1, https://goo.gl/fbAQLP

exports[`LandingPage renders properly 1`] = `
<div>
  <Row
    align="top"
    className="landing-header"
    gutter={
      Array [
        Object {
          "sm": 0,
          "xl": 64,
        },
      ]
    }
    justify="center"
    type="flex"
  >
    <Col
      xl={
        Object {
          "span": 24,
        }
      }
      xxl={
        Object {
          "span": 20,
        }
      }
    >
      <Title>
        Welcome to Dormant Site Reclamation Project
      </Title>
      <Paragraph
        className="header-text"
      >
        Manage applications, see inspection histories, submit reports, and more.
      </Paragraph>
      <Button
        block={false}
        className="login"
        ghost={false}
        htmlType="button"
        loading={false}
        size="large"
        type="primary"
      >
        <a
          href="<URL>undefined&kc_idp_hint=idir"
        >
          Log in
        </a>
      </Button>
    </Col>
  </Row>
  <Row
    align="top"
    className="landing-section"
    gutter={
      Array [
        Object {
          "sm": 0,
          "xl": 64,
        },
      ]
    }
    justify="center"
    type="flex"
  >
    <Col
      sm={
        Object {
          "span": 24,
        }
      }
      xl={
        Object {
          "span": 12,
        }
      }
      xxl={
        Object {
          "span": 10,
        }
      }
    >
      <Title
        level={4}
      >
        What is Dormant Site Reclamation Project?
      </Title>
      <Paragraph>
        The 
        <Text
          strong={true}
        >
          Ministry of Energy, Mines and Petroleum Resources
        </Text>
         is developing a system to make it easier for the public, industry and government to see what's happening in the mining industry across British Columbia. The system is called 
        <Text
          strong={true}
        >
          Duck Services (DUCK)
        </Text>
        .
      </Paragraph>
      <Paragraph>
        <Text
          strong={true}
        >
          Dormant Site Reclamation Project
        </Text>
         is part of the DUCK system, developed specifically for industry. It is intended to make it easier for businesses to manage applications, see their inspection history and submit reports.
      </Paragraph>
      <Paragraph>
        This system is being developed iteratively and with input from people who operate mines across B.C.
      </Paragraph>
      <Title
        level={4}
      >
        What can I do in Dormant Site Reclamation Project?
      </Title>
      <ul
        className="landing-list"
      >
        <li>
          Upload any report specified in the Health, Safety and Reclamation Code
        </li>
        <li>
          View all code variances granted to and incidents reported by your mine
        </li>
        <li>
          View your mine permit and amendment history
        </li>
        <li>
          See all the contacts the Ministry has on file for your mine
        </li>
        <li>
          Find important Ministry contacts
        </li>
      </ul>
      <Paragraph />
    </Col>
    <Col
      sm={
        Object {
          "span": 24,
        }
      }
      xl={
        Object {
          "span": 12,
        }
      }
      xxl={
        Object {
          "span": 10,
        }
      }
    >
      <Title
        level={4}
      >
        How do I get access?
      </Title>
      <Paragraph>
        You must have a 
        <Text
          strong={true}
        >
          Business or Personal BCeID
        </Text>
         and then contact us to request access to Dormant Site Reclamation Project.
      </Paragraph>
      <Paragraph
        strong={true}
      >
        If you have a BCeID:
      </Paragraph>
      <Paragraph>
        Contact us at 
        <a
          href="mailto:undefined"
        />
         to request access to Dormant Site Reclamation Project.
      </Paragraph>
      <Paragraph
        strong={true}
      >
        If you have multiple employees who need to use Dormant Site Reclamation Project:
      </Paragraph>
      <Paragraph>
        <Text>
          Add them to your Business BCeID
        </Text>
        <Text>
          Let us know you want them to be able to access Dormant Site Reclamation Project
        </Text>
      </Paragraph>
      <Title
        level={4}
      >
        Don't have a BCeID?
      </Title>
      <Paragraph>
        In order to access Dormant Site Reclamation Project, you need to register for a Business or Personal BCeID. It can take several weeks to process the request, so give yourself plenty of lead time.
      </Paragraph>
      <Paragraph>
        Once you have your BCeID, you can add employees and delegates. You can request that anyone added to your Business BCeID account be given access to Dormant Site Reclamation Project.
      </Paragraph>
      <Row
        gutter={0}
        justify="center"
        type="flex"
      >
        <Col>
          <a
            href="https://www.bceid.ca/register/business/getting_started/getting_started.aspx"
            rel="noopener noreferrer"
            target="_blank"
          >
            <Button
              block={false}
              ghost={false}
              htmlType="button"
              loading={false}
              size="large"
              type="primary"
            >
              Get a BCeID
            </Button>
          </a>
        </Col>
      </Row>
    </Col>
  </Row>
  <Row
    align="top"
    className="landing-section"
    gutter={
      Array [
        Object {
          "sm": 0,
          "xl": 64,
        },
      ]
    }
    justify="center"
    type="flex"
  >
    <Col
      sm={
        Object {
          "span": 24,
        }
      }
      xl={
        Object {
          "span": 12,
        }
      }
      xxl={
        Object {
          "span": 10,
        }
      }
    >
      <Card
        title="Questions?"
      >
        <Row
          gutter={0}
        >
          <Col>
            <Paragraph>
              Please let us know about any questions or comments you have regarding your experience using Dormant Site Reclamation Project.
            </Paragraph>
            <Paragraph>
              Email us at 
              <a
                href="mailto:undefined"
              />
              .
            </Paragraph>
          </Col>
        </Row>
      </Card>
    </Col>
  </Row>
</div>
`;
